E:/Sexto_sem/MCU_avanzados/TouchGFX/Gui/target/GPIO.cpp:34:6:static void touchgfx::GPIO::init()	8	static
E:/Sexto_sem/MCU_avanzados/TouchGFX/Gui/target/GPIO.cpp:40:6:static void touchgfx::GPIO::set(GPIO_ID)	0	static
E:/Sexto_sem/MCU_avanzados/TouchGFX/Gui/target/GPIO.cpp:49:6:static void touchgfx::GPIO::clear(GPIO_ID)	0	static
E:/Sexto_sem/MCU_avanzados/TouchGFX/Gui/target/GPIO.cpp:58:6:static void touchgfx::GPIO::toggle(GPIO_ID)	0	static
E:/Sexto_sem/MCU_avanzados/TouchGFX/Gui/target/GPIO.cpp:66:6:static bool touchgfx::GPIO::get(GPIO_ID)	0	static
