../../../Middlewares/ST/TouchGFX/touchgfx/framework/include/touchgfx/Drawable.hpp:249:18:virtual void touchgfx::Drawable::setPosition(int16_t, int16_t, int16_t, int16_t)	16	static
../../../Middlewares/ST/TouchGFX/touchgfx/framework/include/touchgfx/Drawable.hpp:323:18:virtual void touchgfx::Drawable::setX(int16_t)	0	static
../../../Middlewares/ST/TouchGFX/touchgfx/framework/include/touchgfx/Drawable.hpp:339:18:virtual void touchgfx::Drawable::setY(int16_t)	0	static
../../../Middlewares/ST/TouchGFX/touchgfx/framework/include/touchgfx/Drawable.hpp:356:18:virtual void touchgfx::Drawable::setXY(int16_t, int16_t)	16	static
../../../Middlewares/ST/TouchGFX/touchgfx/framework/include/touchgfx/Drawable.hpp:373:18:virtual void touchgfx::Drawable::setWidth(int16_t)	0	static
../../../Middlewares/ST/TouchGFX/touchgfx/framework/include/touchgfx/Drawable.hpp:389:18:virtual void touchgfx::Drawable::setHeight(int16_t)	0	static
../../../Middlewares/ST/TouchGFX/touchgfx/framework/include/touchgfx/Drawable.hpp:404:18:virtual void touchgfx::Drawable::childGeometryChanged()	0	static
../../../Middlewares/ST/TouchGFX/touchgfx/framework/include/touchgfx/Drawable.hpp:416:18:virtual void touchgfx::Drawable::handleClickEvent(const touchgfx::ClickEvent&)	0	static
../../../Middlewares/ST/TouchGFX/touchgfx/framework/include/touchgfx/Drawable.hpp:428:18:virtual void touchgfx::Drawable::handleGestureEvent(const touchgfx::GestureEvent&)	0	static
../../../Middlewares/ST/TouchGFX/touchgfx/framework/include/touchgfx/Drawable.hpp:440:18:virtual void touchgfx::Drawable::handleDragEvent(const touchgfx::DragEvent&)	0	static
../../../Middlewares/ST/TouchGFX/touchgfx/framework/include/touchgfx/Drawable.hpp:453:18:virtual void touchgfx::Drawable::handleTickEvent()	0	static
../../../Middlewares/ST/TouchGFX/touchgfx/framework/include/touchgfx/Drawable.hpp:564:18:virtual void touchgfx::Drawable::moveTo(int16_t, int16_t)	4	static
../../../Middlewares/ST/TouchGFX/touchgfx/framework/include/touchgfx/Drawable.hpp:737:18:virtual void touchgfx::Drawable::setupDrawChain(const touchgfx::Rect&, touchgfx::Drawable**)	0	static
../../../Middlewares/ST/TouchGFX/touchgfx/framework/include/touchgfx/containers/Container.hpp:202:22:virtual uint16_t touchgfx::Container::getType() const	0	static
../../../Middlewares/ST/TouchGFX/touchgfx/framework/include/touchgfx/widgets/Widget.hpp:91:22:virtual uint16_t touchgfx::Widget::getType() const	0	static
../../../Middlewares/ST/TouchGFX/touchgfx/framework/include/touchgfx/widgets/TextArea.hpp:69:18:virtual touchgfx::Rect touchgfx::TextArea::getSolidRect() const	0	static
../../../Middlewares/ST/TouchGFX/touchgfx/framework/include/touchgfx/widgets/TextArea.hpp:161:18:virtual void touchgfx::TextArea::setXBaselineY(int16_t, int16_t)	16	static
../../../Middlewares/ST/TouchGFX/touchgfx/framework/include/touchgfx/widgets/TextArea.hpp:416:22:virtual uint16_t touchgfx::TextArea::getType() const	0	static
../../../Middlewares/ST/TouchGFX/touchgfx/framework/include/touchgfx/widgets/TextAreaWithWildcard.hpp:34:7:touchgfx::TextAreaWithWildcardBase::~TextAreaWithWildcardBase()	0	static
../../../Middlewares/ST/TouchGFX/touchgfx/framework/include/touchgfx/widgets/TextAreaWithWildcard.hpp:181:22:virtual uint16_t touchgfx::TextAreaWithOneWildcard::getType() const	0	static
E:/Sexto_sem/MCU_avanzados/TouchGFX/Gui/gui/src/graph_screen/LegendEntry.cpp:49:1:LegendEntry::~LegendEntry()	0	static
../../../Middlewares/ST/TouchGFX/touchgfx/framework/include/touchgfx/Callback.hpp:469:8:touchgfx::Callback<LegendEntry, const touchgfx::AbstractButton&>::~Callback()	0	static
../../../Middlewares/ST/TouchGFX/touchgfx/framework/include/touchgfx/widgets/TextAreaWithWildcard.hpp:75:7:touchgfx::TextAreaWithOneWildcard::~TextAreaWithOneWildcard()	0	static
../../../Middlewares/ST/TouchGFX/touchgfx/framework/include/touchgfx/Callback.hpp:511:18:void touchgfx::Callback<dest_type, T1, void, void>::execute(T1) [with dest_type = LegendEntry; T1 = const touchgfx::AbstractButton&]	8	static
../../../Middlewares/ST/TouchGFX/touchgfx/framework/include/touchgfx/Callback.hpp:525:18:bool touchgfx::Callback<dest_type, T1, void, void>::isValid() const [with dest_type = LegendEntry; T1 = const touchgfx::AbstractButton&]	0	static
../../../Middlewares/ST/TouchGFX/touchgfx/framework/include/touchgfx/widgets/TextAreaWithWildcard.hpp:34:7:virtual touchgfx::TextAreaWithWildcardBase::~TextAreaWithWildcardBase()	8	static
../../../Middlewares/ST/TouchGFX/touchgfx/framework/include/touchgfx/widgets/TextAreaWithWildcard.hpp:75:7:virtual touchgfx::TextAreaWithOneWildcard::~TextAreaWithOneWildcard()	8	static
../../../Middlewares/ST/TouchGFX/touchgfx/framework/include/touchgfx/Callback.hpp:469:8:virtual touchgfx::Callback<LegendEntry, const touchgfx::AbstractButton&>::~Callback()	8	static
E:/Sexto_sem/MCU_avanzados/TouchGFX/Gui/gui/src/graph_screen/LegendEntry.cpp:49:1:virtual LegendEntry::~LegendEntry()	8	static
E:/Sexto_sem/MCU_avanzados/TouchGFX/Gui/gui/src/graph_screen/LegendEntry.cpp:95:6:void LegendEntry::buttonPressedHandler(const touchgfx::AbstractButton&)	8	static
../../../Middlewares/ST/TouchGFX/touchgfx/framework/include/touchgfx/widgets/Widget.hpp:74:18:virtual void touchgfx::Widget::getLastChild(int16_t, int16_t, touchgfx::Drawable**)	0	static
../../../Middlewares/ST/TouchGFX/touchgfx/framework/include/touchgfx/widgets/Widget.hpp:44:5:touchgfx::Widget::Widget()	0	static
../../../Middlewares/ST/TouchGFX/touchgfx/framework/include/touchgfx/TypedText.hpp:205:10:void touchgfx::TypedText::assertValid() const	8	static
../../../Middlewares/ST/TouchGFX/touchgfx/framework/include/touchgfx/TypedText.hpp:135:17:const touchgfx::Font* touchgfx::TypedText::getFont() const	8	static
../../../Middlewares/ST/TouchGFX/touchgfx/framework/include/touchgfx/widgets/TextArea.hpp:142:18:virtual void touchgfx::TextArea::setBaselineY(int16_t)	24	static
../../../Middlewares/ST/TouchGFX/touchgfx/framework/include/touchgfx/TypedText.hpp:120:33:const touchgfx::Unicode::UnicodeChar* touchgfx::TypedText::getText() const	8	static
../../../Middlewares/ST/TouchGFX/touchgfx/framework/include/touchgfx/widgets/TextAreaWithWildcard.hpp:167:22:virtual uint16_t touchgfx::TextAreaWithOneWildcard::getTextWidth() const	24	static
../../../Middlewares/ST/TouchGFX/touchgfx/framework/include/touchgfx/widgets/TextAreaWithWildcard.hpp:101:21:virtual int16_t touchgfx::TextAreaWithOneWildcard::getTextHeight()	8	static
../../../Middlewares/ST/TouchGFX/touchgfx/framework/include/touchgfx/widgets/TextAreaWithWildcard.hpp:116:18:virtual void touchgfx::TextAreaWithOneWildcard::draw(const touchgfx::Rect&) const	80	static
E:/Sexto_sem/MCU_avanzados/TouchGFX/Gui/gui/src/graph_screen/LegendEntry.cpp:23:1:LegendEntry::LegendEntry()	48	static
E:/Sexto_sem/MCU_avanzados/TouchGFX/Gui/gui/src/graph_screen/LegendEntry.cpp:63:6:void LegendEntry::setText(TEXTS)	8	static
E:/Sexto_sem/MCU_avanzados/TouchGFX/Gui/gui/src/graph_screen/LegendEntry.cpp:69:6:void LegendEntry::setValueText(int)	8	static
E:/Sexto_sem/MCU_avanzados/TouchGFX/Gui/gui/src/graph_screen/LegendEntry.cpp:75:6:void LegendEntry::setSelected(bool)	24	static
E:/Sexto_sem/MCU_avanzados/TouchGFX/Gui/gui/src/graph_screen/LegendEntry.cpp:55:6:void LegendEntry::setBitmaps(touchgfx::BitmapId, touchgfx::BitmapId)	0	static
