../Drivers/CMSIS/Include/core_cm7.h:2606:26:ITM_SendChar	16	static,ignoring_inline_asm
../Core/Src/main.c:86:5:main	8	static
../Core/Src/main.c:161:6:SystemClock_Config	88	static
../Core/Src/main.c:214:13:MX_ADC1_Init	24	static
../Core/Src/main.c:274:13:MX_ADC3_Init	24	static
../Core/Src/main.c:344:13:MX_TIM4_Init	40	static
../Core/Src/main.c:389:13:MX_USART1_UART_Init	8	static
../Core/Src/main.c:422:13:MX_DMA_Init	16	static
../Core/Src/main.c:443:13:MX_GPIO_Init	72	static
../Core/Src/main.c:935:5:_write	32	static
../Core/Src/main.c:948:6:HAL_ADC_ConvCpltCallback	16	static
../Core/Src/main.c:956:6:HAL_ADC_ConvHalfCpltCallback	16	static
../Core/Src/main.c:970:6:Error_Handler	4	static,ignoring_inline_asm
