../../../Middlewares/ST/TouchGFX/touchgfx/framework/include/touchgfx/Drawable.hpp:249:18:virtual void touchgfx::Drawable::setPosition(int16_t, int16_t, int16_t, int16_t)	16	static
../../../Middlewares/ST/TouchGFX/touchgfx/framework/include/touchgfx/Drawable.hpp:356:18:virtual void touchgfx::Drawable::setXY(int16_t, int16_t)	16	static
../../../Middlewares/ST/TouchGFX/touchgfx/framework/include/touchgfx/Drawable.hpp:404:18:virtual void touchgfx::Drawable::childGeometryChanged()	0	static
../../../Middlewares/ST/TouchGFX/touchgfx/framework/include/touchgfx/Drawable.hpp:416:18:virtual void touchgfx::Drawable::handleClickEvent(const touchgfx::ClickEvent&)	0	static
../../../Middlewares/ST/TouchGFX/touchgfx/framework/include/touchgfx/Drawable.hpp:428:18:virtual void touchgfx::Drawable::handleGestureEvent(const touchgfx::GestureEvent&)	0	static
../../../Middlewares/ST/TouchGFX/touchgfx/framework/include/touchgfx/Drawable.hpp:440:18:virtual void touchgfx::Drawable::handleDragEvent(const touchgfx::DragEvent&)	0	static
../../../Middlewares/ST/TouchGFX/touchgfx/framework/include/touchgfx/Drawable.hpp:453:18:virtual void touchgfx::Drawable::handleTickEvent()	0	static
../../../Middlewares/ST/TouchGFX/touchgfx/framework/include/touchgfx/Drawable.hpp:564:18:virtual void touchgfx::Drawable::moveTo(int16_t, int16_t)	4	static
../../../Middlewares/ST/TouchGFX/touchgfx/framework/include/touchgfx/Drawable.hpp:737:18:virtual void touchgfx::Drawable::setupDrawChain(const touchgfx::Rect&, touchgfx::Drawable**)	0	static
../../../Middlewares/ST/TouchGFX/touchgfx/framework/include/touchgfx/widgets/Widget.hpp:91:22:virtual uint16_t touchgfx::Widget::getType() const	0	static
../../../Middlewares/ST/TouchGFX/touchgfx/framework/include/touchgfx/widgets/canvas/CanvasWidget.hpp:97:18:virtual void touchgfx::CanvasWidget::setAlpha(uint8_t)	0	static
../../../Middlewares/ST/TouchGFX/touchgfx/framework/include/touchgfx/widgets/canvas/CanvasWidget.hpp:111:21:virtual uint8_t touchgfx::CanvasWidget::getAlpha() const	0	static
E:/Sexto_sem/MCU_avanzados/TouchGFX/Gui/gui/src/graph_screen/GraphLine.cpp:66:6:virtual touchgfx::Rect GraphLine::getMinimalRectContainingIndices(int, int) const	40	static
../../../Gui/gui/include/gui/graph_screen/GraphLine.hpp:40:7:GraphLine::~GraphLine()	8	static
../../../Gui/gui/include/gui/graph_screen/GraphLine.hpp:40:7:virtual GraphLine::~GraphLine()	8	static
../../../Middlewares/ST/TouchGFX/touchgfx/framework/include/touchgfx/widgets/Widget.hpp:74:18:virtual void touchgfx::Widget::getLastChild(int16_t, int16_t, touchgfx::Drawable**)	0	static
../../../Gui/gui/include/gui/graph_screen/AbstractGraph.hpp:436:17:touchgfx::CWRUtil::Q5 AbstractGraph::xAboveOutgoing(int) const	16	static
../../../Gui/gui/include/gui/graph_screen/AbstractGraph.hpp:440:17:touchgfx::CWRUtil::Q5 AbstractGraph::yAboveOutgoing(int) const	16	static
../../../Gui/gui/include/gui/graph_screen/AbstractGraph.hpp:452:17:touchgfx::CWRUtil::Q5 AbstractGraph::xAboveIncoming(int) const	16	static
../../../Gui/gui/include/gui/graph_screen/AbstractGraph.hpp:456:17:touchgfx::CWRUtil::Q5 AbstractGraph::yAboveIncoming(int) const	16	static
E:/Sexto_sem/MCU_avanzados/TouchGFX/Gui/gui/src/graph_screen/GraphLine.cpp:23:6:virtual bool GraphLine::drawCanvasWidget(const touchgfx::Rect&) const	216	static
