../../../Middlewares/ST/TouchGFX/touchgfx/framework/include/touchgfx/Drawable.hpp:249:18:virtual void touchgfx::Drawable::setPosition(int16_t, int16_t, int16_t, int16_t)	16	static
../../../Middlewares/ST/TouchGFX/touchgfx/framework/include/touchgfx/Drawable.hpp:323:18:virtual void touchgfx::Drawable::setX(int16_t)	0	static
../../../Middlewares/ST/TouchGFX/touchgfx/framework/include/touchgfx/Drawable.hpp:339:18:virtual void touchgfx::Drawable::setY(int16_t)	0	static
../../../Middlewares/ST/TouchGFX/touchgfx/framework/include/touchgfx/Drawable.hpp:356:18:virtual void touchgfx::Drawable::setXY(int16_t, int16_t)	16	static
../../../Middlewares/ST/TouchGFX/touchgfx/framework/include/touchgfx/Drawable.hpp:373:18:virtual void touchgfx::Drawable::setWidth(int16_t)	0	static
../../../Middlewares/ST/TouchGFX/touchgfx/framework/include/touchgfx/Drawable.hpp:389:18:virtual void touchgfx::Drawable::setHeight(int16_t)	0	static
../../../Middlewares/ST/TouchGFX/touchgfx/framework/include/touchgfx/Drawable.hpp:404:18:virtual void touchgfx::Drawable::childGeometryChanged()	0	static
../../../Middlewares/ST/TouchGFX/touchgfx/framework/include/touchgfx/Drawable.hpp:416:18:virtual void touchgfx::Drawable::handleClickEvent(const touchgfx::ClickEvent&)	0	static
../../../Middlewares/ST/TouchGFX/touchgfx/framework/include/touchgfx/Drawable.hpp:428:18:virtual void touchgfx::Drawable::handleGestureEvent(const touchgfx::GestureEvent&)	0	static
../../../Middlewares/ST/TouchGFX/touchgfx/framework/include/touchgfx/Drawable.hpp:440:18:virtual void touchgfx::Drawable::handleDragEvent(const touchgfx::DragEvent&)	0	static
../../../Middlewares/ST/TouchGFX/touchgfx/framework/include/touchgfx/Drawable.hpp:453:18:virtual void touchgfx::Drawable::handleTickEvent()	0	static
../../../Middlewares/ST/TouchGFX/touchgfx/framework/include/touchgfx/Drawable.hpp:564:18:virtual void touchgfx::Drawable::moveTo(int16_t, int16_t)	4	static
../../../Middlewares/ST/TouchGFX/touchgfx/framework/include/touchgfx/containers/Container.hpp:202:22:virtual uint16_t touchgfx::Container::getType() const	0	static
../../../Middlewares/ST/TouchGFX/touchgfx/framework/include/touchgfx/widgets/canvas/AbstractPainterRGB565.hpp:48:13:touchgfx::AbstractPainterRGB565::~AbstractPainterRGB565()	8	static
../../../Gui/gui/include/gui/graph_screen/Graph.hpp:56:13:Graph::~Graph()	16	static
../../../Gui/gui/include/gui/graph_screen/Graph.hpp:56:13:virtual Graph::~Graph()	8	static
../../../Middlewares/ST/TouchGFX/touchgfx/framework/include/touchgfx/widgets/canvas/AbstractPainterRGB565.hpp:48:13:virtual touchgfx::AbstractPainterRGB565::~AbstractPainterRGB565()	8	static
E:/Sexto_sem/MCU_avanzados/TouchGFX/Gui/gui/src/graph_screen/Graph.cpp:24:1:Graph::Graph()	16	static
E:/Sexto_sem/MCU_avanzados/TouchGFX/Gui/gui/src/graph_screen/Graph.cpp:68:6:void Graph::setRange(int, int, int, int)	0	static
E:/Sexto_sem/MCU_avanzados/TouchGFX/Gui/gui/src/graph_screen/Graph.cpp:73:6:void Graph::setLineVisible(bool)	0	static
E:/Sexto_sem/MCU_avanzados/TouchGFX/Gui/gui/src/graph_screen/Graph.cpp:78:6:void Graph::setDotsVisible(bool)	0	static
E:/Sexto_sem/MCU_avanzados/TouchGFX/Gui/gui/src/graph_screen/Graph.cpp:83:6:void Graph::setDotsBackgroundVisible(bool)	0	static
E:/Sexto_sem/MCU_avanzados/TouchGFX/Gui/gui/src/graph_screen/Graph.cpp:88:6:void Graph::setAreaVisible(bool)	0	static
../../../Gui/gui/include/gui/graph_screen/AbstractGraph.hpp:247:10:void AbstractGraph::setLineWidth(T) [with T = int]	4	static
E:/Sexto_sem/MCU_avanzados/TouchGFX/Gui/gui/src/graph_screen/Graph.cpp:31:6:void Graph::setup(int, int, touchgfx::colortype, touchgfx::colortype)	56	static
E:/Sexto_sem/MCU_avanzados/TouchGFX/Gui/gui/src/graph_screen/Graph.cpp:93:6:void Graph::setDotShape(int, int, int)	16	static
E:/Sexto_sem/MCU_avanzados/TouchGFX/Gui/gui/src/graph_screen/Graph.cpp:100:6:void Graph::setDotBackgroundShape(int, int, int)	16	static
