../../../Middlewares/ST/TouchGFX/touchgfx/framework/include/touchgfx/transitions/Transition.hpp:100:18:virtual void touchgfx::Transition::tearDown()	0	static
../../../Middlewares/ST/TouchGFX/touchgfx/framework/include/touchgfx/transitions/Transition.hpp:110:18:virtual void touchgfx::Transition::init()	0	static
../../../Middlewares/ST/TouchGFX/touchgfx/framework/include/touchgfx/transitions/Transition.hpp:122:18:virtual void touchgfx::Transition::setScreenContainer(touchgfx::Container&)	0	static
../../../Middlewares/ST/TouchGFX/touchgfx/framework/include/touchgfx/Application.hpp:97:18:virtual void touchgfx::Application::appSwitchScreen(uint8_t)	0	static
../../../Middlewares/ST/TouchGFX/touchgfx/framework/include/mvp/MVPApplication.hpp:70:13:touchgfx::MVPApplication::~MVPApplication()	0	static
../../../Gui/gui/include/gui/common/FrontendApplication.hpp:45:13:FrontendApplication::~FrontendApplication()	0	static
../../../Middlewares/ST/TouchGFX/touchgfx/framework/include/touchgfx/transitions/NoTransition.hpp:52:13:touchgfx::NoTransition::~NoTransition()	0	static
../../../Middlewares/ST/TouchGFX/touchgfx/framework/include/touchgfx/transitions/NoTransition.hpp:61:18:virtual void touchgfx::NoTransition::handleTickEvent()	0	static
../../../Middlewares/ST/TouchGFX/touchgfx/framework/include/touchgfx/Callback.hpp:469:8:touchgfx::Callback<touchgfx::SlideTransition<touchgfx::NORTH>, touchgfx::Drawable&, void, void>::~Callback()	0	static
../../../Middlewares/ST/TouchGFX/touchgfx/framework/include/touchgfx/Callback.hpp:469:8:touchgfx::Callback<touchgfx::SlideTransition<touchgfx::SOUTH>, touchgfx::Drawable&, void, void>::~Callback()	0	static
../../../Middlewares/ST/TouchGFX/touchgfx/framework/include/touchgfx/Callback.hpp:557:8:touchgfx::Callback<FrontendApplication>::~Callback()	0	static
../../../Middlewares/ST/TouchGFX/touchgfx/framework/include/touchgfx/Callback.hpp:511:18:void touchgfx::Callback<dest_type, T1, void, void>::execute(T1) [with dest_type = touchgfx::SlideTransition<touchgfx::SOUTH>; T1 = touchgfx::Drawable&]	8	static
../../../Middlewares/ST/TouchGFX/touchgfx/framework/include/touchgfx/Callback.hpp:525:18:bool touchgfx::Callback<dest_type, T1, void, void>::isValid() const [with dest_type = touchgfx::SlideTransition<touchgfx::SOUTH>; T1 = touchgfx::Drawable&]	0	static
../../../Middlewares/ST/TouchGFX/touchgfx/framework/include/touchgfx/Callback.hpp:511:18:void touchgfx::Callback<dest_type, T1, void, void>::execute(T1) [with dest_type = touchgfx::SlideTransition<touchgfx::NORTH>; T1 = touchgfx::Drawable&]	8	static
../../../Middlewares/ST/TouchGFX/touchgfx/framework/include/touchgfx/Callback.hpp:525:18:bool touchgfx::Callback<dest_type, T1, void, void>::isValid() const [with dest_type = touchgfx::SlideTransition<touchgfx::NORTH>; T1 = touchgfx::Drawable&]	0	static
../../../Middlewares/ST/TouchGFX/touchgfx/framework/include/touchgfx/Callback.hpp:595:18:void touchgfx::Callback<dest_type, void, void, void>::execute() [with dest_type = FrontendApplication]	4	static
../../../Middlewares/ST/TouchGFX/touchgfx/framework/include/touchgfx/Callback.hpp:609:18:bool touchgfx::Callback<dest_type, void, void, void>::isValid() const [with dest_type = FrontendApplication]	0	static
../../../Middlewares/ST/TouchGFX/touchgfx/framework/include/touchgfx/transitions/NoTransition.hpp:52:13:virtual touchgfx::NoTransition::~NoTransition()	8	static
../../../Middlewares/ST/TouchGFX/touchgfx/framework/include/touchgfx/Callback.hpp:557:8:virtual touchgfx::Callback<FrontendApplication>::~Callback()	8	static
../../../Middlewares/ST/TouchGFX/touchgfx/framework/include/mvp/MVPApplication.hpp:70:13:virtual touchgfx::MVPApplication::~MVPApplication()	8	static
../../../Gui/gui/include/gui/common/FrontendApplication.hpp:45:13:virtual FrontendApplication::~FrontendApplication()	8	static
../../../Middlewares/ST/TouchGFX/touchgfx/framework/include/touchgfx/Callback.hpp:469:8:virtual touchgfx::Callback<touchgfx::SlideTransition<touchgfx::SOUTH>, touchgfx::Drawable&, void, void>::~Callback()	8	static
../../../Middlewares/ST/TouchGFX/touchgfx/framework/include/touchgfx/Callback.hpp:469:8:virtual touchgfx::Callback<touchgfx::SlideTransition<touchgfx::NORTH>, touchgfx::Drawable&, void, void>::~Callback()	8	static
E:/Sexto_sem/MCU_avanzados/TouchGFX/Gui/gui/src/common/FrontendApplication.cpp:50:6:virtual void FrontendApplication::handleTickEvent()	16	static
../../../Middlewares/ST/TouchGFX/touchgfx/framework/include/mvp/MVPApplication.hpp:116:20:void touchgfx::prepareTransition(Screen**, Presenter**, Transition**)	16	static
../../../Middlewares/ST/TouchGFX/touchgfx/framework/include/mvp/MVPApplication.hpp:155:20:void touchgfx::finalizeTransition(Screen*, Presenter*, Transition*)	16	static
../../../Middlewares/ST/TouchGFX/touchgfx/framework/include/touchgfx/transitions/SlideTransition.hpp:181:18:void touchgfx::SlideTransition<templateDirection>::tearDown() [with touchgfx::Direction templateDirection = touchgfx::SOUTH]	0	static
../../../Middlewares/ST/TouchGFX/touchgfx/framework/include/touchgfx/transitions/SlideTransition.hpp:222:18:void touchgfx::SlideTransition<templateDirection>::initMoveDrawable(touchgfx::Drawable&) [with touchgfx::Direction templateDirection = touchgfx::SOUTH]	0	static
../../../Middlewares/ST/TouchGFX/touchgfx/framework/include/touchgfx/transitions/SlideTransition.hpp:222:18:void touchgfx::SlideTransition<templateDirection>::initMoveDrawable(touchgfx::Drawable&) [with touchgfx::Direction templateDirection = touchgfx::SOUTH]	0	static
../../../Middlewares/ST/TouchGFX/touchgfx/framework/include/touchgfx/transitions/SlideTransition.hpp:181:18:void touchgfx::SlideTransition<templateDirection>::tearDown() [with touchgfx::Direction templateDirection = touchgfx::NORTH]	0	static
../../../Middlewares/ST/TouchGFX/touchgfx/framework/include/touchgfx/transitions/SlideTransition.hpp:222:18:void touchgfx::SlideTransition<templateDirection>::initMoveDrawable(touchgfx::Drawable&) [with touchgfx::Direction templateDirection = touchgfx::NORTH]	0	static
../../../Middlewares/ST/TouchGFX/touchgfx/framework/include/touchgfx/transitions/SlideTransition.hpp:115:18:void touchgfx::SlideTransition<templateDirection>::handleTickEvent() [with touchgfx::Direction templateDirection = touchgfx::SOUTH]	8	static
../../../Middlewares/ST/TouchGFX/touchgfx/framework/include/touchgfx/transitions/SlideTransition.hpp:115:18:void touchgfx::SlideTransition<templateDirection>::handleTickEvent() [with touchgfx::Direction templateDirection = touchgfx::NORTH]	8	static
../../../Middlewares/ST/TouchGFX/touchgfx/framework/include/mvp/MVPApplication.hpp:79:18:virtual void touchgfx::MVPApplication::handlePendingScreenTransition()	8	static
../../../Middlewares/ST/TouchGFX/touchgfx/framework/include/touchgfx/transitions/SlideTransition.hpp:198:18:void touchgfx::SlideTransition<templateDirection>::init() [with touchgfx::Direction templateDirection = touchgfx::NORTH]	24	static
../../../Middlewares/ST/TouchGFX/touchgfx/framework/include/touchgfx/transitions/SlideTransition.hpp:198:18:void touchgfx::SlideTransition<templateDirection>::init() [with touchgfx::Direction templateDirection = touchgfx::SOUTH]	24	static
../../../Middlewares/ST/TouchGFX/touchgfx/framework/include/touchgfx/transitions/SlideTransition.hpp:253:18:void touchgfx::SlideTransition<templateDirection>::tickMoveDrawable(touchgfx::Drawable&) [with touchgfx::Direction templateDirection = touchgfx::SOUTH]	4	static
../../../Middlewares/ST/TouchGFX/touchgfx/framework/include/touchgfx/transitions/SlideTransition.hpp:253:18:void touchgfx::SlideTransition<templateDirection>::tickMoveDrawable(touchgfx::Drawable&) [with touchgfx::Direction templateDirection = touchgfx::NORTH]	4	static
E:/Sexto_sem/MCU_avanzados/TouchGFX/Gui/gui/src/common/FrontendApplication.cpp:100:6:void FrontendApplication::gotoMainMenuScreenNoTransitionImpl()	40	static
../../../Middlewares/ST/TouchGFX/touchgfx/framework/include/touchgfx/Drawable.hpp:249:18:virtual void touchgfx::Drawable::setPosition(int16_t, int16_t, int16_t, int16_t)	16	static
E:/Sexto_sem/MCU_avanzados/TouchGFX/Gui/gui/src/common/FrontendApplication.cpp:39:1:FrontendApplication::FrontendApplication(Model&, FrontendHeap&)	16	static
E:/Sexto_sem/MCU_avanzados/TouchGFX/Gui/gui/src/common/FrontendApplication.cpp:88:6:void FrontendApplication::resetScreenSaver()	0	static
E:/Sexto_sem/MCU_avanzados/TouchGFX/Gui/gui/src/common/FrontendApplication.cpp:72:6:virtual void FrontendApplication::handleClickEvent(const touchgfx::ClickEvent&)	8	static
E:/Sexto_sem/MCU_avanzados/TouchGFX/Gui/gui/src/common/FrontendApplication.cpp:80:6:virtual void FrontendApplication::handleDragEvent(const touchgfx::DragEvent&)	8	static
E:/Sexto_sem/MCU_avanzados/TouchGFX/Gui/gui/src/common/FrontendApplication.cpp:94:6:void FrontendApplication::gotoMainMenuScreenNoTransition()	0	static
E:/Sexto_sem/MCU_avanzados/TouchGFX/Gui/gui/src/common/FrontendApplication.cpp:105:6:void FrontendApplication::gotoMainMenuScreen()	0	static
E:/Sexto_sem/MCU_avanzados/TouchGFX/Gui/gui/src/common/FrontendApplication.cpp:116:6:void FrontendApplication::gotoCustomControlsScreen()	0	static
E:/Sexto_sem/MCU_avanzados/TouchGFX/Gui/gui/src/common/FrontendApplication.cpp:127:6:void FrontendApplication::gotoGraphScreen()	0	static
E:/Sexto_sem/MCU_avanzados/TouchGFX/Gui/gui/src/common/FrontendApplication.cpp:138:6:void FrontendApplication::gotoEasingEquationScreen()	0	static
E:/Sexto_sem/MCU_avanzados/TouchGFX/Gui/gui/src/common/FrontendApplication.cpp:149:6:void FrontendApplication::gotoProductPresenterScreen()	0	static
../../../Middlewares/ST/TouchGFX/touchgfx/framework/include/common/AbstractPartition.hpp:182:8:T& touchgfx::AbstractPartition::at(uint16_t) [with T = touchgfx::SlideTransition<touchgfx::SOUTH>]	0	static
../../../Middlewares/ST/TouchGFX/touchgfx/framework/include/touchgfx/transitions/SlideTransition.hpp:101:13:touchgfx::SlideTransition<templateDirection>::~SlideTransition() [with touchgfx::Direction templateDirection = touchgfx::SOUTH]	8	static
../../../Middlewares/ST/TouchGFX/touchgfx/framework/include/touchgfx/transitions/SlideTransition.hpp:101:13:touchgfx::SlideTransition<templateDirection>::~SlideTransition() [with touchgfx::Direction templateDirection = touchgfx::SOUTH]	8	static
../../../Middlewares/ST/TouchGFX/touchgfx/framework/include/touchgfx/transitions/SlideTransition.hpp:101:13:touchgfx::SlideTransition<templateDirection>::~SlideTransition() [with touchgfx::Direction templateDirection = touchgfx::NORTH]	8	static
../../../Middlewares/ST/TouchGFX/touchgfx/framework/include/touchgfx/transitions/SlideTransition.hpp:101:13:touchgfx::SlideTransition<templateDirection>::~SlideTransition() [with touchgfx::Direction templateDirection = touchgfx::NORTH]	8	static
E:/Sexto_sem/MCU_avanzados/TouchGFX/Gui/gui/src/common/FrontendApplication.cpp:111:6:void FrontendApplication::gotoMainMenuScreenImpl()	48	static
../../../Middlewares/ST/TouchGFX/touchgfx/framework/include/touchgfx/transitions/SlideTransition.hpp:57:5:touchgfx::SlideTransition<templateDirection>::SlideTransition(uint8_t) [with touchgfx::Direction templateDirection = touchgfx::SOUTH]	32	static
E:/Sexto_sem/MCU_avanzados/TouchGFX/Gui/gui/src/common/FrontendApplication.cpp:155:6:void FrontendApplication::gotoProductPresenterScreenImpl()	32	static
E:/Sexto_sem/MCU_avanzados/TouchGFX/Gui/gui/src/common/FrontendApplication.cpp:144:6:void FrontendApplication::gotoEasingEquationScreenImpl()	32	static
E:/Sexto_sem/MCU_avanzados/TouchGFX/Gui/gui/src/common/FrontendApplication.cpp:133:6:void FrontendApplication::gotoGraphScreenImpl()	32	static
E:/Sexto_sem/MCU_avanzados/TouchGFX/Gui/gui/src/common/FrontendApplication.cpp:122:6:void FrontendApplication::gotoCustomControlsScreenImpl()	32	static
