../../../Middlewares/ST/TouchGFX/touchgfx/framework/include/touchgfx/Drawable.hpp:249:18:virtual void touchgfx::Drawable::setPosition(int16_t, int16_t, int16_t, int16_t)	16	static
../../../Middlewares/ST/TouchGFX/touchgfx/framework/include/touchgfx/Drawable.hpp:323:18:virtual void touchgfx::Drawable::setX(int16_t)	0	static
../../../Middlewares/ST/TouchGFX/touchgfx/framework/include/touchgfx/Drawable.hpp:339:18:virtual void touchgfx::Drawable::setY(int16_t)	0	static
../../../Middlewares/ST/TouchGFX/touchgfx/framework/include/touchgfx/Drawable.hpp:356:18:virtual void touchgfx::Drawable::setXY(int16_t, int16_t)	16	static
../../../Middlewares/ST/TouchGFX/touchgfx/framework/include/touchgfx/Drawable.hpp:373:18:virtual void touchgfx::Drawable::setWidth(int16_t)	0	static
../../../Middlewares/ST/TouchGFX/touchgfx/framework/include/touchgfx/Drawable.hpp:389:18:virtual void touchgfx::Drawable::setHeight(int16_t)	0	static
../../../Middlewares/ST/TouchGFX/touchgfx/framework/include/touchgfx/Drawable.hpp:404:18:virtual void touchgfx::Drawable::childGeometryChanged()	0	static
../../../Middlewares/ST/TouchGFX/touchgfx/framework/include/touchgfx/Drawable.hpp:416:18:virtual void touchgfx::Drawable::handleClickEvent(const touchgfx::ClickEvent&)	0	static
../../../Middlewares/ST/TouchGFX/touchgfx/framework/include/touchgfx/Drawable.hpp:428:18:virtual void touchgfx::Drawable::handleGestureEvent(const touchgfx::GestureEvent&)	0	static
../../../Middlewares/ST/TouchGFX/touchgfx/framework/include/touchgfx/Drawable.hpp:440:18:virtual void touchgfx::Drawable::handleDragEvent(const touchgfx::DragEvent&)	0	static
../../../Middlewares/ST/TouchGFX/touchgfx/framework/include/touchgfx/Drawable.hpp:453:18:virtual void touchgfx::Drawable::handleTickEvent()	0	static
../../../Middlewares/ST/TouchGFX/touchgfx/framework/include/touchgfx/Drawable.hpp:564:18:virtual void touchgfx::Drawable::moveTo(int16_t, int16_t)	4	static
../../../Middlewares/ST/TouchGFX/touchgfx/framework/include/touchgfx/Drawable.hpp:737:18:virtual void touchgfx::Drawable::setupDrawChain(const touchgfx::Rect&, touchgfx::Drawable**)	0	static
../../../Middlewares/ST/TouchGFX/touchgfx/framework/include/touchgfx/containers/Container.hpp:202:22:virtual uint16_t touchgfx::Container::getType() const	0	static
../../../Middlewares/ST/TouchGFX/touchgfx/framework/include/touchgfx/widgets/Widget.hpp:91:22:virtual uint16_t touchgfx::Widget::getType() const	0	static
../../../Middlewares/ST/TouchGFX/touchgfx/framework/include/touchgfx/Callback.hpp:379:8:touchgfx::Callback<DatePicker, const WheelSelector&, const int&>::~Callback()	0	static
../../../Middlewares/ST/TouchGFX/touchgfx/framework/include/touchgfx/Callback.hpp:422:18:void touchgfx::Callback<dest_type, T1, T2, void>::execute(T1, T2) [with dest_type = DatePicker; T1 = const WheelSelector&; T2 = const int&]	12	static
../../../Middlewares/ST/TouchGFX/touchgfx/framework/include/touchgfx/Callback.hpp:436:18:bool touchgfx::Callback<dest_type, T1, T2, void>::isValid() const [with dest_type = DatePicker; T1 = const WheelSelector&; T2 = const int&]	0	static
../../../Middlewares/ST/TouchGFX/touchgfx/framework/include/touchgfx/Callback.hpp:379:8:virtual touchgfx::Callback<DatePicker, const WheelSelector&, const int&>::~Callback()	8	static
../../../Middlewares/ST/TouchGFX/touchgfx/framework/include/touchgfx/widgets/Widget.hpp:74:18:virtual void touchgfx::Widget::getLastChild(int16_t, int16_t, touchgfx::Drawable**)	0	static
../../../Middlewares/ST/TouchGFX/touchgfx/framework/include/touchgfx/widgets/Image.hpp:50:5:touchgfx::Image::Image(const touchgfx::Bitmap&)	8	static
E:/Sexto_sem/MCU_avanzados/TouchGFX/Gui/gui/src/custom_controls_screen/DatePicker.cpp:73:6:void DatePicker::setday(int, int, touchgfx::EasingEquation)	0	static
E:/Sexto_sem/MCU_avanzados/TouchGFX/Gui/gui/src/custom_controls_screen/DatePicker.cpp:78:6:void DatePicker::setMonth(int, int, touchgfx::EasingEquation)	0	static
E:/Sexto_sem/MCU_avanzados/TouchGFX/Gui/gui/src/custom_controls_screen/DatePicker.cpp:83:6:void DatePicker::setYear(int, int, touchgfx::EasingEquation)	0	static
E:/Sexto_sem/MCU_avanzados/TouchGFX/Gui/gui/src/custom_controls_screen/DatePicker.cpp:88:6:void DatePicker::reset()	8	static
E:/Sexto_sem/MCU_avanzados/TouchGFX/Gui/gui/src/custom_controls_screen/DatePicker.cpp:138:10:uint16_t DatePicker::getNumberOfDays(uint16_t, uint16_t)	0	static
E:/Sexto_sem/MCU_avanzados/TouchGFX/Gui/gui/src/custom_controls_screen/DatePicker.cpp:95:6:void DatePicker::selectedElementChangedHandler(const WheelSelector&, const int&)	16	static
E:/Sexto_sem/MCU_avanzados/TouchGFX/Gui/gui/src/custom_controls_screen/DatePicker.cpp:24:1:DatePicker::DatePicker()	88	static
E:/Sexto_sem/MCU_avanzados/TouchGFX/Gui/gui/src/custom_controls_screen/DatePicker.cpp:68:1:DatePicker::~DatePicker()	8	static
E:/Sexto_sem/MCU_avanzados/TouchGFX/Gui/gui/src/custom_controls_screen/DatePicker.cpp:68:1:virtual DatePicker::~DatePicker()	8	static
