../Core/Src/main.c:118:5:main	8	static
../Core/Src/main.c:217:6:SystemClock_Config	88	static
../Core/Src/main.c:263:13:MX_TIM1_Init	96	static
../Core/Src/main.c:350:13:MX_GPIO_Init	40	static
../Core/Src/main.c:386:6:signal0_func	24	static
../Core/Src/main.c:416:6:signal1_func	24	static
../Core/Src/main.c:446:6:mux_signal	24	static
../Core/Src/main.c:478:6:signal2_func	24	static
../Core/Src/main.c:508:6:signal3_func	24	static
../Core/Src/main.c:539:6:HAL_TIM_PeriodElapsedCallback	16	static
../Core/Src/main.c:556:6:Error_Handler	4	static,ignoring_inline_asm
