../Core/Src/main.c:91:5:main	24	static
../Core/Src/main.c:205:6:SystemClock_Config	88	static
../Core/Src/main.c:251:13:MX_ADC1_Init	24	static
../Core/Src/main.c:303:13:MX_TIM1_Init	96	static
../Core/Src/main.c:378:13:MX_TIM2_Init	32	static
../Core/Src/main.c:423:13:MX_TIM3_Init	32	static
../Core/Src/main.c:468:13:MX_TIM4_Init	56	static
../Core/Src/main.c:517:13:MX_USART6_UART_Init	8	static
../Core/Src/main.c:550:13:MX_GPIO_Init	48	static
../Core/Src/main.c:618:9:convert	16	static
../Core/Src/main.c:648:9:represent	24	static
../Core/Src/main.c:660:6:HAL_GPIO_EXTI_Callback	16	static
../Core/Src/main.c:664:6:delay_us	16	static
../Core/Src/main.c:670:6:HAL_TIM_PeriodElapsedCallback	16	static
../Core/Src/main.c:681:6:Error_Handler	4	static,ignoring_inline_asm
