../Core/Src/main.c:98:5:main	6
../Core/Src/main.c:215:6:SystemClock_Config	3
../Core/Src/main.c:264:13:MX_I2C1_Init	2
../Core/Src/main.c:297:13:MX_SPI1_Init	2
../Core/Src/main.c:334:13:MX_TIM1_Init	7
../Core/Src/main.c:411:13:MX_TIM2_Init	3
../Core/Src/main.c:459:13:MX_TIM3_Init	4
../Core/Src/main.c:503:13:MX_USART1_UART_Init	2
../Core/Src/main.c:535:13:MX_GPIO_Init	1
../Core/Src/main.c:599:6:update_randomCrossover_actuator	1
../Core/Src/main.c:605:6:chamber_sense_temperature	3
../Core/Src/main.c:626:6:HAL_GPIO_EXTI_Callback	2
../Core/Src/main.c:635:6:HAL_TIM_PeriodElapsedCallback	2
../Core/Src/main.c:650:6:Error_Handler	1
