../Core/Src/main.c:94:5:main	8
../Core/Src/main.c:208:6:SystemClock_Config	3
../Core/Src/main.c:258:13:MX_I2C1_Init	2
../Core/Src/main.c:292:13:MX_SPI1_Init	2
../Core/Src/main.c:330:13:MX_TIM1_Init	9
../Core/Src/main.c:418:13:MX_TIM2_Init	3
../Core/Src/main.c:467:13:MX_TIM3_Init	4
../Core/Src/main.c:512:13:MX_USART1_UART_Init	2
../Core/Src/main.c:545:13:MX_GPIO_Init	1
../Core/Src/main.c:608:6:HAL_GPIO_EXTI_Callback	2
../Core/Src/main.c:614:6:HAL_TIM_PeriodElapsedCallback	2
../Core/Src/main.c:627:6:Error_Handler	1
