../../../Gui/gui/include/gui/model/ModelListener.hpp:51:18:virtual void ModelListener::timeUpdated(Time)	8	static
../../../Gui/gui/include/gui/model/ModelListener.hpp:55:18:virtual void ModelListener::screenSaverMinorTick()	0	static
../../../Gui/gui/include/gui/model/ModelListener.hpp:56:18:virtual void ModelListener::screenSaverMajorTick()	0	static
E:/Sexto_sem/MCU_avanzados/TouchGFX/Gui/gui/src/easing_equation_screen/EasingEquationPresenter.cpp:29:1:EasingEquationPresenter::~EasingEquationPresenter()	0	static
E:/Sexto_sem/MCU_avanzados/TouchGFX/Gui/gui/src/easing_equation_screen/EasingEquationPresenter.cpp:33:6:virtual void EasingEquationPresenter::activate()	0	static
E:/Sexto_sem/MCU_avanzados/TouchGFX/Gui/gui/src/easing_equation_screen/EasingEquationPresenter.cpp:29:1:virtual EasingEquationPresenter::~EasingEquationPresenter()	8	static
../../../Gui/gui/include/gui/easing_equation_screen/EasingEquationPresenter.hpp:33:13:virtual void* EasingEquationPresenter::_ZThn4_N23EasingEquationPresenterD1Ev()	0	static
E:/Sexto_sem/MCU_avanzados/TouchGFX/Gui/gui/src/easing_equation_screen/EasingEquationPresenter.cpp:23:1:EasingEquationPresenter::EasingEquationPresenter(EasingEquationView&)	16	static
