../../../Middlewares/ST/TouchGFX/touchgfx/framework/include/touchgfx/Drawable.hpp:249:18:virtual void touchgfx::Drawable::setPosition(int16_t, int16_t, int16_t, int16_t)	16	static
../../../Middlewares/ST/TouchGFX/touchgfx/framework/include/touchgfx/Drawable.hpp:323:18:virtual void touchgfx::Drawable::setX(int16_t)	0	static
../../../Middlewares/ST/TouchGFX/touchgfx/framework/include/touchgfx/Drawable.hpp:339:18:virtual void touchgfx::Drawable::setY(int16_t)	0	static
../../../Middlewares/ST/TouchGFX/touchgfx/framework/include/touchgfx/Drawable.hpp:356:18:virtual void touchgfx::Drawable::setXY(int16_t, int16_t)	16	static
../../../Middlewares/ST/TouchGFX/touchgfx/framework/include/touchgfx/Drawable.hpp:373:18:virtual void touchgfx::Drawable::setWidth(int16_t)	0	static
../../../Middlewares/ST/TouchGFX/touchgfx/framework/include/touchgfx/Drawable.hpp:389:18:virtual void touchgfx::Drawable::setHeight(int16_t)	0	static
../../../Middlewares/ST/TouchGFX/touchgfx/framework/include/touchgfx/Drawable.hpp:404:18:virtual void touchgfx::Drawable::childGeometryChanged()	0	static
../../../Middlewares/ST/TouchGFX/touchgfx/framework/include/touchgfx/Drawable.hpp:416:18:virtual void touchgfx::Drawable::handleClickEvent(const touchgfx::ClickEvent&)	0	static
../../../Middlewares/ST/TouchGFX/touchgfx/framework/include/touchgfx/Drawable.hpp:428:18:virtual void touchgfx::Drawable::handleGestureEvent(const touchgfx::GestureEvent&)	0	static
../../../Middlewares/ST/TouchGFX/touchgfx/framework/include/touchgfx/Drawable.hpp:440:18:virtual void touchgfx::Drawable::handleDragEvent(const touchgfx::DragEvent&)	0	static
../../../Middlewares/ST/TouchGFX/touchgfx/framework/include/touchgfx/Drawable.hpp:453:18:virtual void touchgfx::Drawable::handleTickEvent()	0	static
../../../Middlewares/ST/TouchGFX/touchgfx/framework/include/touchgfx/Drawable.hpp:564:18:virtual void touchgfx::Drawable::moveTo(int16_t, int16_t)	4	static
../../../Middlewares/ST/TouchGFX/touchgfx/framework/include/touchgfx/containers/Container.hpp:202:22:virtual uint16_t touchgfx::Container::getType() const	0	static
../../../Middlewares/ST/TouchGFX/touchgfx/framework/include/touchgfx/Callback.hpp:469:8:touchgfx::Callback<touchgfx::RadioButtonGroup<11>, const touchgfx::AbstractButton&, void, void>::~Callback()	0	static
../../../Middlewares/ST/TouchGFX/touchgfx/framework/include/touchgfx/widgets/RadioButtonGroup.hpp:68:13:touchgfx::RadioButtonGroup<CAPACITY>::~RadioButtonGroup() [with short unsigned int CAPACITY = 11]	0	static
../../../Gui/gui/include/gui/easing_equation_screen/EasingEquationSelector.hpp:31:7:EasingEquationSelector::~EasingEquationSelector()	16	static
../../../Middlewares/ST/TouchGFX/touchgfx/framework/include/touchgfx/Callback.hpp:469:8:touchgfx::Callback<EasingEquationSelector, const touchgfx::AbstractButton&>::~Callback()	0	static
../../../Middlewares/ST/TouchGFX/touchgfx/framework/include/touchgfx/Callback.hpp:511:18:void touchgfx::Callback<dest_type, T1, void, void>::execute(T1) [with dest_type = EasingEquationSelector; T1 = const touchgfx::AbstractButton&]	8	static
../../../Middlewares/ST/TouchGFX/touchgfx/framework/include/touchgfx/Callback.hpp:525:18:bool touchgfx::Callback<dest_type, T1, void, void>::isValid() const [with dest_type = EasingEquationSelector; T1 = const touchgfx::AbstractButton&]	0	static
../../../Middlewares/ST/TouchGFX/touchgfx/framework/include/touchgfx/widgets/RadioButtonGroup.hpp:101:26:touchgfx::RadioButton* touchgfx::RadioButtonGroup<CAPACITY>::getRadioButton(uint16_t) const [with short unsigned int CAPACITY = 11]	0	static
../../../Middlewares/ST/TouchGFX/touchgfx/framework/include/touchgfx/widgets/RadioButtonGroup.hpp:115:21:int32_t touchgfx::RadioButtonGroup<CAPACITY>::getSelectedRadioButtonIndex() const [with short unsigned int CAPACITY = 11]	8	static
../../../Middlewares/ST/TouchGFX/touchgfx/framework/include/touchgfx/widgets/RadioButtonGroup.hpp:136:26:touchgfx::RadioButton* touchgfx::RadioButtonGroup<CAPACITY>::getSelectedRadioButton() const [with short unsigned int CAPACITY = 11]	8	static
../../../Middlewares/ST/TouchGFX/touchgfx/framework/include/touchgfx/widgets/RadioButtonGroup.hpp:170:18:void touchgfx::RadioButtonGroup<CAPACITY>::setDeselectionEnabled(bool) [with short unsigned int CAPACITY = 11]	0	static
../../../Middlewares/ST/TouchGFX/touchgfx/framework/include/touchgfx/widgets/RadioButtonGroup.hpp:187:18:bool touchgfx::RadioButtonGroup<CAPACITY>::getDeselectionEnabled() const [with short unsigned int CAPACITY = 11]	0	static
../../../Middlewares/ST/TouchGFX/touchgfx/framework/include/touchgfx/Callback.hpp:511:18:void touchgfx::Callback<dest_type, T1, void, void>::execute(T1) [with dest_type = touchgfx::RadioButtonGroup<11>; T1 = const touchgfx::AbstractButton&]	8	static
../../../Middlewares/ST/TouchGFX/touchgfx/framework/include/touchgfx/Callback.hpp:525:18:bool touchgfx::Callback<dest_type, T1, void, void>::isValid() const [with dest_type = touchgfx::RadioButtonGroup<11>; T1 = const touchgfx::AbstractButton&]	0	static
../../../Middlewares/ST/TouchGFX/touchgfx/framework/include/touchgfx/Callback.hpp:469:8:virtual touchgfx::Callback<EasingEquationSelector, const touchgfx::AbstractButton&>::~Callback()	8	static
../../../Gui/gui/include/gui/easing_equation_screen/EasingEquationSelector.hpp:31:7:virtual EasingEquationSelector::~EasingEquationSelector()	8	static
../../../Middlewares/ST/TouchGFX/touchgfx/framework/include/touchgfx/widgets/RadioButtonGroup.hpp:68:13:touchgfx::RadioButtonGroup<CAPACITY>::~RadioButtonGroup() [with short unsigned int CAPACITY = 11]	8	static
../../../Middlewares/ST/TouchGFX/touchgfx/framework/include/touchgfx/Callback.hpp:469:8:virtual touchgfx::Callback<touchgfx::RadioButtonGroup<11>, const touchgfx::AbstractButton&, void, void>::~Callback()	8	static
../../../Middlewares/ST/TouchGFX/touchgfx/framework/include/touchgfx/widgets/RadioButtonGroup.hpp:153:18:void touchgfx::RadioButtonGroup<CAPACITY>::setSelected(touchgfx::RadioButton&) [with short unsigned int CAPACITY = 11]	16	static
E:/Sexto_sem/MCU_avanzados/TouchGFX/Gui/gui/src/easing_equation_screen/EasingEquationSelector.cpp:71:6:void EasingEquationSelector::selected(const touchgfx::AbstractButton&)	32	static
../../../Middlewares/ST/TouchGFX/touchgfx/framework/include/touchgfx/widgets/RadioButtonGroup.hpp:82:18:void touchgfx::RadioButtonGroup<CAPACITY>::add(touchgfx::RadioButton&) [with short unsigned int CAPACITY = 11]	8	static
../../../Middlewares/ST/TouchGFX/touchgfx/framework/include/touchgfx/widgets/RadioButtonGroup.hpp:248:18:void touchgfx::RadioButtonGroup<CAPACITY>::radioButtonClickedHandler(const touchgfx::AbstractButton&) [with short unsigned int CAPACITY = 11]	16	static
../../../Middlewares/ST/TouchGFX/touchgfx/framework/include/touchgfx/widgets/RadioButtonGroup.hpp:277:18:void touchgfx::RadioButtonGroup<CAPACITY>::radioButtonDeselectedHandler(const touchgfx::AbstractButton&) [with short unsigned int CAPACITY = 11]	16	static
E:/Sexto_sem/MCU_avanzados/TouchGFX/Gui/gui/src/easing_equation_screen/EasingEquationSelector.cpp:26:1:EasingEquationSelector::EasingEquationSelector()	256	static
E:/Sexto_sem/MCU_avanzados/TouchGFX/Gui/gui/src/easing_equation_screen/EasingEquationSelector.cpp:65:6:void EasingEquationSelector::setEasingEquationSelectedCallback(touchgfx::GenericCallback<const EasingEquationSelection&>&)	0	static
E:/Sexto_sem/MCU_avanzados/TouchGFX/Gui/gui/src/easing_equation_screen/EasingEquationSelector.cpp:85:6:void EasingEquationSelector::select(int)	8	static
