C:\ST\STM32CubeIDE_1.14.0\STM32CubeIDE\plugins\com.st.stm32cube.ide.mcu.externaltools.gnu-tools-for-stm32.12.3.rel1.win32_1.0.100.202403111256\tools\arm-none-eabi\include\c++\12.3.1\arm-none-eabi\thumb\v7e-m+fp\hard\bits\gthr-default.h:229:1:int __gthread_key_delete(__gthread_key_t)	16	static
../Middlewares/Third_Party/EdgeImpulse_sennal_16bits_2_MachineLearning/edgeimpulse/tflite-model/tflite_learn_6_compiled.cpp:255:13:void {anonymous}::init_tflite_tensor(size_t, TfLiteTensor*)	24	static
../Middlewares/Third_Party/EdgeImpulse_sennal_16bits_2_MachineLearning/edgeimpulse/tflite-model/tflite_learn_6_compiled.cpp:283:13:void {anonymous}::init_tflite_eval_tensor(int, TfLiteEvalTensor*)	24	static
../Middlewares/Third_Party/EdgeImpulse_sennal_16bits_2_MachineLearning/edgeimpulse/tflite-model/tflite_learn_6_compiled.cpp:306:15:void* {anonymous}::AllocatePersistentBufferImpl(TfLiteContext*, size_t)	24	static
../Middlewares/Third_Party/EdgeImpulse_sennal_16bits_2_MachineLearning/edgeimpulse/tflite-model/tflite_learn_6_compiled.cpp:349:21:TfLiteStatus {anonymous}::RequestScratchBufferInArenaImpl(TfLiteContext*, size_t, int*)	32	static
../Middlewares/Third_Party/EdgeImpulse_sennal_16bits_2_MachineLearning/edgeimpulse/tflite-model/tflite_learn_6_compiled.cpp:375:14:void* {anonymous}::GetScratchBufferImpl(TfLiteContext*, int)	16	static
../Middlewares/Third_Party/EdgeImpulse_sennal_16bits_2_MachineLearning/edgeimpulse/tflite-model/tflite_learn_6_compiled.cpp:384:13:void {anonymous}::ResetTensors()	16	static
../Middlewares/Third_Party/EdgeImpulse_sennal_16bits_2_MachineLearning/edgeimpulse/tflite-model/tflite_learn_6_compiled.cpp:393:22:TfLiteTensor* {anonymous}::GetTensorImpl(const TfLiteContext*, int)	24	static
../Middlewares/Third_Party/EdgeImpulse_sennal_16bits_2_MachineLearning/edgeimpulse/tflite-model/tflite_learn_6_compiled.cpp:416:26:TfLiteEvalTensor* {anonymous}::GetEvalTensorImpl(const TfLiteContext*, int)	24	static
../Middlewares/Third_Party/EdgeImpulse_sennal_16bits_2_MachineLearning/edgeimpulse/tflite-model/tflite_learn_6_compiled.cpp:442:3:{anonymous}::EonMicroContext::EonMicroContext()	16	static
../Middlewares/Third_Party/EdgeImpulse_sennal_16bits_2_MachineLearning/edgeimpulse/tflite-model/tflite_learn_6_compiled.cpp:444:9:virtual void* {anonymous}::EonMicroContext::AllocatePersistentBuffer(size_t)	16	static
../Middlewares/Third_Party/EdgeImpulse_sennal_16bits_2_MachineLearning/edgeimpulse/tflite-model/tflite_learn_6_compiled.cpp:448:16:virtual TfLiteStatus {anonymous}::EonMicroContext::RequestScratchBufferInArena(size_t, int*)	24	static
../Middlewares/Third_Party/EdgeImpulse_sennal_16bits_2_MachineLearning/edgeimpulse/tflite-model/tflite_learn_6_compiled.cpp:453:9:virtual void* {anonymous}::EonMicroContext::GetScratchBuffer(int)	16	static
../Middlewares/Third_Party/EdgeImpulse_sennal_16bits_2_MachineLearning/edgeimpulse/tflite-model/tflite_learn_6_compiled.cpp:457:17:virtual TfLiteTensor* {anonymous}::EonMicroContext::AllocateTempTfLiteTensor(int)	16	static
../Middlewares/Third_Party/EdgeImpulse_sennal_16bits_2_MachineLearning/edgeimpulse/tflite-model/tflite_learn_6_compiled.cpp:461:8:virtual void {anonymous}::EonMicroContext::DeallocateTempTfLiteTensor(TfLiteTensor*)	16	static
../Middlewares/Third_Party/EdgeImpulse_sennal_16bits_2_MachineLearning/edgeimpulse/tflite-model/tflite_learn_6_compiled.cpp:469:21:virtual TfLiteEvalTensor* {anonymous}::EonMicroContext::GetEvalTensor(int)	16	static
../Middlewares/Third_Party/EdgeImpulse_sennal_16bits_2_MachineLearning/edgeimpulse/tflite-model/tflite_learn_6_compiled.cpp:478:14:TfLiteStatus tflite_learn_6_init(void* (*)(size_t, size_t))	184	static
../Middlewares/Third_Party/EdgeImpulse_sennal_16bits_2_MachineLearning/edgeimpulse/tflite-model/tflite_learn_6_compiled.cpp:550:14:TfLiteStatus tflite_learn_6_input(int, TfLiteTensor*)	16	static
../Middlewares/Third_Party/EdgeImpulse_sennal_16bits_2_MachineLearning/edgeimpulse/tflite-model/tflite_learn_6_compiled.cpp:555:14:TfLiteStatus tflite_learn_6_output(int, TfLiteTensor*)	16	static
../Middlewares/Third_Party/EdgeImpulse_sennal_16bits_2_MachineLearning/edgeimpulse/tflite-model/tflite_learn_6_compiled.cpp:560:14:TfLiteStatus tflite_learn_6_invoke()	24	static
../Middlewares/Third_Party/EdgeImpulse_sennal_16bits_2_MachineLearning/edgeimpulse/tflite-model/tflite_learn_6_compiled.cpp:632:14:TfLiteStatus tflite_learn_6_reset(void (*)(void*))	24	static
../Middlewares/Third_Party/EdgeImpulse_sennal_16bits_2_MachineLearning/edgeimpulse/tflite-model/tflite_learn_6_compiled.cpp:439:7:{anonymous}::EonMicroContext::~EonMicroContext()	16	static
../Middlewares/Third_Party/EdgeImpulse_sennal_16bits_2_MachineLearning/edgeimpulse/tflite-model/tflite_learn_6_compiled.cpp:439:7:virtual {anonymous}::EonMicroContext::~EonMicroContext()	16	static
../Middlewares/Third_Party/EdgeImpulse_sennal_16bits_2_MachineLearning/edgeimpulse/tflite-model/tflite_learn_6_compiled.cpp:646:1:void __static_initialization_and_destruction_0(int, int)	16	static
../Middlewares/Third_Party/EdgeImpulse_sennal_16bits_2_MachineLearning/edgeimpulse/tflite-model/tflite_learn_6_compiled.cpp:646:1:cpp)	8	static
