E:/Sexto_sem/MCU_avanzados/TouchGFX/Drivers/STM32F7xx_HAL_Driver/Src/stm32f7xx_hal_mmc.c:2506:13:MMC_DMATransmitCplt	0	static
E:/Sexto_sem/MCU_avanzados/TouchGFX/Drivers/STM32F7xx_HAL_Driver/Src/stm32f7xx_hal_mmc.c:2895:17:MMC_ReadExtCSD.constprop	64	static
E:/Sexto_sem/MCU_avanzados/TouchGFX/Drivers/STM32F7xx_HAL_Driver/Src/stm32f7xx_hal_mmc.c:544:13:HAL_MMC_MspInit	0	static
E:/Sexto_sem/MCU_avanzados/TouchGFX/Drivers/STM32F7xx_HAL_Driver/Src/stm32f7xx_hal_mmc.c:559:13:HAL_MMC_MspDeInit	0	static
E:/Sexto_sem/MCU_avanzados/TouchGFX/Drivers/STM32F7xx_HAL_Driver/Src/stm32f7xx_hal_mmc.c:503:19:HAL_MMC_DeInit	8	static
E:/Sexto_sem/MCU_avanzados/TouchGFX/Drivers/STM32F7xx_HAL_Driver/Src/stm32f7xx_hal_mmc.c:600:19:HAL_MMC_ReadBlocks	64	static
E:/Sexto_sem/MCU_avanzados/TouchGFX/Drivers/STM32F7xx_HAL_Driver/Src/stm32f7xx_hal_mmc.c:801:19:HAL_MMC_WriteBlocks	64	static
E:/Sexto_sem/MCU_avanzados/TouchGFX/Drivers/STM32F7xx_HAL_Driver/Src/stm32f7xx_hal_mmc.c:976:19:HAL_MMC_ReadBlocks_IT	40	static
E:/Sexto_sem/MCU_avanzados/TouchGFX/Drivers/STM32F7xx_HAL_Driver/Src/stm32f7xx_hal_mmc.c:1068:19:HAL_MMC_WriteBlocks_IT	40	static
E:/Sexto_sem/MCU_avanzados/TouchGFX/Drivers/STM32F7xx_HAL_Driver/Src/stm32f7xx_hal_mmc.c:1160:19:HAL_MMC_ReadBlocks_DMA	48	static
E:/Sexto_sem/MCU_avanzados/TouchGFX/Drivers/STM32F7xx_HAL_Driver/Src/stm32f7xx_hal_mmc.c:1277:19:HAL_MMC_WriteBlocks_DMA	48	static
E:/Sexto_sem/MCU_avanzados/TouchGFX/Drivers/STM32F7xx_HAL_Driver/Src/stm32f7xx_hal_mmc.c:1392:19:HAL_MMC_Erase	24	static
E:/Sexto_sem/MCU_avanzados/TouchGFX/Drivers/STM32F7xx_HAL_Driver/Src/stm32f7xx_hal_mmc.c:1679:22:HAL_MMC_GetState	0	static
E:/Sexto_sem/MCU_avanzados/TouchGFX/Drivers/STM32F7xx_HAL_Driver/Src/stm32f7xx_hal_mmc.c:1690:10:HAL_MMC_GetError	0	static
E:/Sexto_sem/MCU_avanzados/TouchGFX/Drivers/STM32F7xx_HAL_Driver/Src/stm32f7xx_hal_mmc.c:1700:13:HAL_MMC_TxCpltCallback	0	static
E:/Sexto_sem/MCU_avanzados/TouchGFX/Drivers/STM32F7xx_HAL_Driver/Src/stm32f7xx_hal_mmc.c:1715:13:HAL_MMC_RxCpltCallback	0	static
E:/Sexto_sem/MCU_avanzados/TouchGFX/Drivers/STM32F7xx_HAL_Driver/Src/stm32f7xx_hal_mmc.c:1730:13:HAL_MMC_ErrorCallback	0	static
E:/Sexto_sem/MCU_avanzados/TouchGFX/Drivers/STM32F7xx_HAL_Driver/Src/stm32f7xx_hal_mmc.c:2519:13:MMC_DMAReceiveCplt	8	static
E:/Sexto_sem/MCU_avanzados/TouchGFX/Drivers/STM32F7xx_HAL_Driver/Src/stm32f7xx_hal_mmc.c:1745:13:HAL_MMC_AbortCallback	0	static
E:/Sexto_sem/MCU_avanzados/TouchGFX/Drivers/STM32F7xx_HAL_Driver/Src/stm32f7xx_hal_mmc.c:1956:19:HAL_MMC_GetCardCID	8	static
E:/Sexto_sem/MCU_avanzados/TouchGFX/Drivers/STM32F7xx_HAL_Driver/Src/stm32f7xx_hal_mmc.c:1989:19:HAL_MMC_GetCardCSD	24	static
E:/Sexto_sem/MCU_avanzados/TouchGFX/Drivers/STM32F7xx_HAL_Driver/Src/stm32f7xx_hal_mmc.c:2106:19:HAL_MMC_GetCardInfo	0	static
E:/Sexto_sem/MCU_avanzados/TouchGFX/Drivers/STM32F7xx_HAL_Driver/Src/stm32f7xx_hal_mmc.c:2128:19:HAL_MMC_GetCardExtCSD	56	static
E:/Sexto_sem/MCU_avanzados/TouchGFX/Drivers/STM32F7xx_HAL_Driver/Src/stm32f7xx_hal_mmc.c:429:19:HAL_MMC_InitCard	128	static
E:/Sexto_sem/MCU_avanzados/TouchGFX/Drivers/STM32F7xx_HAL_Driver/Src/stm32f7xx_hal_mmc.c:2246:19:HAL_MMC_ConfigWideBusOperation	72	static
E:/Sexto_sem/MCU_avanzados/TouchGFX/Drivers/STM32F7xx_HAL_Driver/Src/stm32f7xx_hal_mmc.c:352:19:HAL_MMC_Init	8	static
E:/Sexto_sem/MCU_avanzados/TouchGFX/Drivers/STM32F7xx_HAL_Driver/Src/stm32f7xx_hal_mmc.c:2345:26:HAL_MMC_GetCardState	8	static
E:/Sexto_sem/MCU_avanzados/TouchGFX/Drivers/STM32F7xx_HAL_Driver/Src/stm32f7xx_hal_mmc.c:2560:13:MMC_DMAError	8	static
E:/Sexto_sem/MCU_avanzados/TouchGFX/Drivers/STM32F7xx_HAL_Driver/Src/stm32f7xx_hal_mmc.c:2603:13:MMC_DMATxAbort	16	static
E:/Sexto_sem/MCU_avanzados/TouchGFX/Drivers/STM32F7xx_HAL_Driver/Src/stm32f7xx_hal_mmc.c:2648:13:MMC_DMARxAbort	16	static
E:/Sexto_sem/MCU_avanzados/TouchGFX/Drivers/STM32F7xx_HAL_Driver/Src/stm32f7xx_hal_mmc.c:1489:6:HAL_MMC_IRQHandler	32	static
E:/Sexto_sem/MCU_avanzados/TouchGFX/Drivers/STM32F7xx_HAL_Driver/Src/stm32f7xx_hal_mmc.c:2368:19:HAL_MMC_Abort	8	static
E:/Sexto_sem/MCU_avanzados/TouchGFX/Drivers/STM32F7xx_HAL_Driver/Src/stm32f7xx_hal_mmc.c:2425:19:HAL_MMC_Abort_IT	8	static
