E:/Sexto_sem/MCU_avanzados/TouchGFX/Drivers/STM32F7xx_HAL_Driver/Src/stm32f7xx_hal_irda.c:2435:13:IRDA_EndRxTransfer	0	static
E:/Sexto_sem/MCU_avanzados/TouchGFX/Drivers/STM32F7xx_HAL_Driver/Src/stm32f7xx_hal_irda.c:2384:26:IRDA_WaitOnFlagUntilTimeout.constprop	24	static
E:/Sexto_sem/MCU_avanzados/TouchGFX/Drivers/STM32F7xx_HAL_Driver/Src/stm32f7xx_hal_irda.c:434:13:HAL_IRDA_MspInit	0	static
E:/Sexto_sem/MCU_avanzados/TouchGFX/Drivers/STM32F7xx_HAL_Driver/Src/stm32f7xx_hal_irda.c:326:19:HAL_IRDA_Init	16	static
E:/Sexto_sem/MCU_avanzados/TouchGFX/Drivers/STM32F7xx_HAL_Driver/Src/stm32f7xx_hal_irda.c:450:13:HAL_IRDA_MspDeInit	0	static
E:/Sexto_sem/MCU_avanzados/TouchGFX/Drivers/STM32F7xx_HAL_Driver/Src/stm32f7xx_hal_irda.c:391:19:HAL_IRDA_DeInit	8	static
E:/Sexto_sem/MCU_avanzados/TouchGFX/Drivers/STM32F7xx_HAL_Driver/Src/stm32f7xx_hal_irda.c:802:19:HAL_IRDA_Transmit	32	static
E:/Sexto_sem/MCU_avanzados/TouchGFX/Drivers/STM32F7xx_HAL_Driver/Src/stm32f7xx_hal_irda.c:891:19:HAL_IRDA_Receive	40	static
E:/Sexto_sem/MCU_avanzados/TouchGFX/Drivers/STM32F7xx_HAL_Driver/Src/stm32f7xx_hal_irda.c:981:19:HAL_IRDA_Transmit_IT	0	static
E:/Sexto_sem/MCU_avanzados/TouchGFX/Drivers/STM32F7xx_HAL_Driver/Src/stm32f7xx_hal_irda.c:1026:19:HAL_IRDA_Receive_IT	0	static
E:/Sexto_sem/MCU_avanzados/TouchGFX/Drivers/STM32F7xx_HAL_Driver/Src/stm32f7xx_hal_irda.c:1086:19:HAL_IRDA_Transmit_DMA	16	static
E:/Sexto_sem/MCU_avanzados/TouchGFX/Drivers/STM32F7xx_HAL_Driver/Src/stm32f7xx_hal_irda.c:1166:19:HAL_IRDA_Receive_DMA	24	static
E:/Sexto_sem/MCU_avanzados/TouchGFX/Drivers/STM32F7xx_HAL_Driver/Src/stm32f7xx_hal_irda.c:1245:19:HAL_IRDA_DMAPause	0	static
E:/Sexto_sem/MCU_avanzados/TouchGFX/Drivers/STM32F7xx_HAL_Driver/Src/stm32f7xx_hal_irda.c:1283:19:HAL_IRDA_DMAResume	0	static
E:/Sexto_sem/MCU_avanzados/TouchGFX/Drivers/STM32F7xx_HAL_Driver/Src/stm32f7xx_hal_irda.c:1321:19:HAL_IRDA_DMAStop	8	static
E:/Sexto_sem/MCU_avanzados/TouchGFX/Drivers/STM32F7xx_HAL_Driver/Src/stm32f7xx_hal_irda.c:1398:19:HAL_IRDA_Abort	8	static
E:/Sexto_sem/MCU_avanzados/TouchGFX/Drivers/STM32F7xx_HAL_Driver/Src/stm32f7xx_hal_irda.c:1484:19:HAL_IRDA_AbortTransmit	8	static
E:/Sexto_sem/MCU_avanzados/TouchGFX/Drivers/STM32F7xx_HAL_Driver/Src/stm32f7xx_hal_irda.c:1536:19:HAL_IRDA_AbortReceive	8	static
E:/Sexto_sem/MCU_avanzados/TouchGFX/Drivers/STM32F7xx_HAL_Driver/Src/stm32f7xx_hal_irda.c:2040:13:HAL_IRDA_TxCpltCallback	0	static
E:/Sexto_sem/MCU_avanzados/TouchGFX/Drivers/STM32F7xx_HAL_Driver/Src/stm32f7xx_hal_irda.c:2452:13:IRDA_DMATransmitCplt	8	static
E:/Sexto_sem/MCU_avanzados/TouchGFX/Drivers/STM32F7xx_HAL_Driver/Src/stm32f7xx_hal_irda.c:2056:13:HAL_IRDA_TxHalfCpltCallback	0	static
E:/Sexto_sem/MCU_avanzados/TouchGFX/Drivers/STM32F7xx_HAL_Driver/Src/stm32f7xx_hal_irda.c:2488:13:IRDA_DMATransmitHalfCplt	8	static
E:/Sexto_sem/MCU_avanzados/TouchGFX/Drivers/STM32F7xx_HAL_Driver/Src/stm32f7xx_hal_irda.c:2072:13:HAL_IRDA_RxCpltCallback	0	static
E:/Sexto_sem/MCU_avanzados/TouchGFX/Drivers/STM32F7xx_HAL_Driver/Src/stm32f7xx_hal_irda.c:2507:13:IRDA_DMAReceiveCplt	8	static
E:/Sexto_sem/MCU_avanzados/TouchGFX/Drivers/STM32F7xx_HAL_Driver/Src/stm32f7xx_hal_irda.c:2842:13:IRDA_Receive_IT	8	static
E:/Sexto_sem/MCU_avanzados/TouchGFX/Drivers/STM32F7xx_HAL_Driver/Src/stm32f7xx_hal_irda.c:2088:13:HAL_IRDA_RxHalfCpltCallback	0	static
E:/Sexto_sem/MCU_avanzados/TouchGFX/Drivers/STM32F7xx_HAL_Driver/Src/stm32f7xx_hal_irda.c:2543:13:IRDA_DMAReceiveHalfCplt	8	static
E:/Sexto_sem/MCU_avanzados/TouchGFX/Drivers/STM32F7xx_HAL_Driver/Src/stm32f7xx_hal_irda.c:2104:13:HAL_IRDA_ErrorCallback	0	static
E:/Sexto_sem/MCU_avanzados/TouchGFX/Drivers/STM32F7xx_HAL_Driver/Src/stm32f7xx_hal_irda.c:2562:13:IRDA_DMAError	8	static
E:/Sexto_sem/MCU_avanzados/TouchGFX/Drivers/STM32F7xx_HAL_Driver/Src/stm32f7xx_hal_irda.c:1880:6:HAL_IRDA_IRQHandler	16	static
E:/Sexto_sem/MCU_avanzados/TouchGFX/Drivers/STM32F7xx_HAL_Driver/Src/stm32f7xx_hal_irda.c:2602:13:IRDA_DMAAbortOnError	8	static
E:/Sexto_sem/MCU_avanzados/TouchGFX/Drivers/STM32F7xx_HAL_Driver/Src/stm32f7xx_hal_irda.c:2120:13:HAL_IRDA_AbortCpltCallback	0	static
E:/Sexto_sem/MCU_avanzados/TouchGFX/Drivers/STM32F7xx_HAL_Driver/Src/stm32f7xx_hal_irda.c:1594:19:HAL_IRDA_Abort_IT	8	static
E:/Sexto_sem/MCU_avanzados/TouchGFX/Drivers/STM32F7xx_HAL_Driver/Src/stm32f7xx_hal_irda.c:2673:13:IRDA_DMARxAbortCallback	8	static
E:/Sexto_sem/MCU_avanzados/TouchGFX/Drivers/STM32F7xx_HAL_Driver/Src/stm32f7xx_hal_irda.c:2625:13:IRDA_DMATxAbortCallback	8	static
E:/Sexto_sem/MCU_avanzados/TouchGFX/Drivers/STM32F7xx_HAL_Driver/Src/stm32f7xx_hal_irda.c:2136:13:HAL_IRDA_AbortTransmitCpltCallback	0	static
E:/Sexto_sem/MCU_avanzados/TouchGFX/Drivers/STM32F7xx_HAL_Driver/Src/stm32f7xx_hal_irda.c:1726:19:HAL_IRDA_AbortTransmit_IT	8	static
E:/Sexto_sem/MCU_avanzados/TouchGFX/Drivers/STM32F7xx_HAL_Driver/Src/stm32f7xx_hal_irda.c:2721:13:IRDA_DMATxOnlyAbortCallback	8	static
E:/Sexto_sem/MCU_avanzados/TouchGFX/Drivers/STM32F7xx_HAL_Driver/Src/stm32f7xx_hal_irda.c:2152:13:HAL_IRDA_AbortReceiveCpltCallback	0	static
E:/Sexto_sem/MCU_avanzados/TouchGFX/Drivers/STM32F7xx_HAL_Driver/Src/stm32f7xx_hal_irda.c:1804:19:HAL_IRDA_AbortReceive_IT	8	static
E:/Sexto_sem/MCU_avanzados/TouchGFX/Drivers/STM32F7xx_HAL_Driver/Src/stm32f7xx_hal_irda.c:2748:13:IRDA_DMARxOnlyAbortCallback	8	static
E:/Sexto_sem/MCU_avanzados/TouchGFX/Drivers/STM32F7xx_HAL_Driver/Src/stm32f7xx_hal_irda.c:2191:23:HAL_IRDA_GetState	0	static
E:/Sexto_sem/MCU_avanzados/TouchGFX/Drivers/STM32F7xx_HAL_Driver/Src/stm32f7xx_hal_irda.c:2208:10:HAL_IRDA_GetError	0	static
