E:/Sexto_sem/MCU_avanzados/TouchGFX/Drivers/STM32F7xx_HAL_Driver/Src/stm32f7xx_hal_nor.c:360:13:HAL_NOR_MspInit	0	static
E:/Sexto_sem/MCU_avanzados/TouchGFX/Drivers/STM32F7xx_HAL_Driver/Src/stm32f7xx_hal_nor.c:376:13:HAL_NOR_MspDeInit	0	static
E:/Sexto_sem/MCU_avanzados/TouchGFX/Drivers/STM32F7xx_HAL_Driver/Src/stm32f7xx_hal_nor.c:327:19:HAL_NOR_DeInit	8	static
E:/Sexto_sem/MCU_avanzados/TouchGFX/Drivers/STM32F7xx_HAL_Driver/Src/stm32f7xx_hal_nor.c:393:13:HAL_NOR_MspWait	0	static
E:/Sexto_sem/MCU_avanzados/TouchGFX/Drivers/STM32F7xx_HAL_Driver/Src/stm32f7xx_hal_nor.c:429:19:HAL_NOR_Read_ID	12	static,ignoring_inline_asm
E:/Sexto_sem/MCU_avanzados/TouchGFX/Drivers/STM32F7xx_HAL_Driver/Src/stm32f7xx_hal_nor.c:520:19:HAL_NOR_ReturnToReadMode	0	static,ignoring_inline_asm
E:/Sexto_sem/MCU_avanzados/TouchGFX/Drivers/STM32F7xx_HAL_Driver/Src/stm32f7xx_hal_nor.c:228:19:HAL_NOR_Init	16	static,ignoring_inline_asm
E:/Sexto_sem/MCU_avanzados/TouchGFX/Drivers/STM32F7xx_HAL_Driver/Src/stm32f7xx_hal_nor.c:598:19:HAL_NOR_Read	16	static,ignoring_inline_asm
E:/Sexto_sem/MCU_avanzados/TouchGFX/Drivers/STM32F7xx_HAL_Driver/Src/stm32f7xx_hal_nor.c:685:19:HAL_NOR_Program	16	static,ignoring_inline_asm
E:/Sexto_sem/MCU_avanzados/TouchGFX/Drivers/STM32F7xx_HAL_Driver/Src/stm32f7xx_hal_nor.c:767:19:HAL_NOR_ReadBuffer	20	static,ignoring_inline_asm
E:/Sexto_sem/MCU_avanzados/TouchGFX/Drivers/STM32F7xx_HAL_Driver/Src/stm32f7xx_hal_nor.c:865:19:HAL_NOR_ProgramBuffer	20	static,ignoring_inline_asm
E:/Sexto_sem/MCU_avanzados/TouchGFX/Drivers/STM32F7xx_HAL_Driver/Src/stm32f7xx_hal_nor.c:975:19:HAL_NOR_Erase_Block	16	static,ignoring_inline_asm
E:/Sexto_sem/MCU_avanzados/TouchGFX/Drivers/STM32F7xx_HAL_Driver/Src/stm32f7xx_hal_nor.c:1059:19:HAL_NOR_Erase_Chip	8	static,ignoring_inline_asm
E:/Sexto_sem/MCU_avanzados/TouchGFX/Drivers/STM32F7xx_HAL_Driver/Src/stm32f7xx_hal_nor.c:1136:19:HAL_NOR_Read_CFI	12	static,ignoring_inline_asm
E:/Sexto_sem/MCU_avanzados/TouchGFX/Drivers/STM32F7xx_HAL_Driver/Src/stm32f7xx_hal_nor.c:1326:19:HAL_NOR_WriteOperation_Enable	16	static
E:/Sexto_sem/MCU_avanzados/TouchGFX/Drivers/STM32F7xx_HAL_Driver/Src/stm32f7xx_hal_nor.c:1360:19:HAL_NOR_WriteOperation_Disable	8	static
E:/Sexto_sem/MCU_avanzados/TouchGFX/Drivers/STM32F7xx_HAL_Driver/Src/stm32f7xx_hal_nor.c:1413:22:HAL_NOR_GetState	0	static
E:/Sexto_sem/MCU_avanzados/TouchGFX/Drivers/STM32F7xx_HAL_Driver/Src/stm32f7xx_hal_nor.c:1427:23:HAL_NOR_GetStatus	24	static,ignoring_inline_asm
