../../Middlewares/ST/touchgfx/framework/include/touchgfx/Screen.hpp:104:18:virtual void touchgfx::Screen::afterTransition()	0	static
../../Middlewares/ST/touchgfx/framework/include/touchgfx/Screen.hpp:144:18:virtual void touchgfx::Screen::handleTickEvent()	0	static
../../Middlewares/ST/touchgfx/framework/include/touchgfx/Screen.hpp:154:18:virtual void touchgfx::Screen::handleKeyEvent(uint8_t)	0	static
E:/Sexto_sem/MCU_avanzados/PWM_Slider/TouchGFX/gui/src/screen_screen/ScreenView.cpp:13:6:virtual void ScreenView::tearDownScreen()	0	static
../../TouchGFX/gui/include/gui/screen_screen/ScreenView.hpp:11:13:ScreenView::~ScreenView()	8	static
../../TouchGFX/gui/include/gui/screen_screen/ScreenView.hpp:11:13:virtual ScreenView::~ScreenView()	8	static
E:/Sexto_sem/MCU_avanzados/PWM_Slider/TouchGFX/gui/src/screen_screen/ScreenView.cpp:3:1:ScreenView::ScreenView()	8	static
E:/Sexto_sem/MCU_avanzados/PWM_Slider/TouchGFX/gui/src/screen_screen/ScreenView.cpp:8:6:virtual void ScreenView::setupScreen()	0	static
E:/Sexto_sem/MCU_avanzados/PWM_Slider/TouchGFX/gui/src/screen_screen/ScreenView.cpp:23:6:virtual void ScreenView::circulo_pwm_fun(int)	16	static
