E:/Sexto_sem/MCU_avanzados/TouchGFX/Drivers/STM32F7xx_HAL_Driver/Src/stm32f7xx_hal_usart.c:2356:13:USART_EndTransfer	0	static
E:/Sexto_sem/MCU_avanzados/TouchGFX/Drivers/STM32F7xx_HAL_Driver/Src/stm32f7xx_hal_usart.c:2843:13:USART_TxISR_8BIT	0	static
E:/Sexto_sem/MCU_avanzados/TouchGFX/Drivers/STM32F7xx_HAL_Driver/Src/stm32f7xx_hal_usart.c:2877:13:USART_TxISR_16BIT	0	static
E:/Sexto_sem/MCU_avanzados/TouchGFX/Drivers/STM32F7xx_HAL_Driver/Src/stm32f7xx_hal_usart.c:2668:26:USART_WaitOnFlagUntilTimeout.constprop	24	static
E:/Sexto_sem/MCU_avanzados/TouchGFX/Drivers/STM32F7xx_HAL_Driver/Src/stm32f7xx_hal_usart.c:368:13:HAL_USART_MspInit	0	static
E:/Sexto_sem/MCU_avanzados/TouchGFX/Drivers/STM32F7xx_HAL_Driver/Src/stm32f7xx_hal_usart.c:263:19:HAL_USART_Init	16	static
E:/Sexto_sem/MCU_avanzados/TouchGFX/Drivers/STM32F7xx_HAL_Driver/Src/stm32f7xx_hal_usart.c:383:13:HAL_USART_MspDeInit	0	static
E:/Sexto_sem/MCU_avanzados/TouchGFX/Drivers/STM32F7xx_HAL_Driver/Src/stm32f7xx_hal_usart.c:325:19:HAL_USART_DeInit	16	static
E:/Sexto_sem/MCU_avanzados/TouchGFX/Drivers/STM32F7xx_HAL_Driver/Src/stm32f7xx_hal_usart.c:720:19:HAL_USART_Transmit	32	static
E:/Sexto_sem/MCU_avanzados/TouchGFX/Drivers/STM32F7xx_HAL_Driver/Src/stm32f7xx_hal_usart.c:818:19:HAL_USART_Receive	40	static
E:/Sexto_sem/MCU_avanzados/TouchGFX/Drivers/STM32F7xx_HAL_Driver/Src/stm32f7xx_hal_usart.c:923:19:HAL_USART_TransmitReceive	40	static
E:/Sexto_sem/MCU_avanzados/TouchGFX/Drivers/STM32F7xx_HAL_Driver/Src/stm32f7xx_hal_usart.c:1070:19:HAL_USART_Transmit_IT	8	static
E:/Sexto_sem/MCU_avanzados/TouchGFX/Drivers/STM32F7xx_HAL_Driver/Src/stm32f7xx_hal_usart.c:1133:19:HAL_USART_Receive_IT	8	static
E:/Sexto_sem/MCU_avanzados/TouchGFX/Drivers/STM32F7xx_HAL_Driver/Src/stm32f7xx_hal_usart.c:1211:19:HAL_USART_TransmitReceive_IT	12	static
E:/Sexto_sem/MCU_avanzados/TouchGFX/Drivers/STM32F7xx_HAL_Driver/Src/stm32f7xx_hal_usart.c:1288:19:HAL_USART_Transmit_DMA	24	static
E:/Sexto_sem/MCU_avanzados/TouchGFX/Drivers/STM32F7xx_HAL_Driver/Src/stm32f7xx_hal_usart.c:1373:19:HAL_USART_Receive_DMA	24	static
E:/Sexto_sem/MCU_avanzados/TouchGFX/Drivers/STM32F7xx_HAL_Driver/Src/stm32f7xx_hal_usart.c:1491:19:HAL_USART_TransmitReceive_DMA	24	static
E:/Sexto_sem/MCU_avanzados/TouchGFX/Drivers/STM32F7xx_HAL_Driver/Src/stm32f7xx_hal_usart.c:1611:19:HAL_USART_DMAPause	0	static
E:/Sexto_sem/MCU_avanzados/TouchGFX/Drivers/STM32F7xx_HAL_Driver/Src/stm32f7xx_hal_usart.c:1658:19:HAL_USART_DMAResume	0	static
E:/Sexto_sem/MCU_avanzados/TouchGFX/Drivers/STM32F7xx_HAL_Driver/Src/stm32f7xx_hal_usart.c:1705:19:HAL_USART_DMAStop	8	static
E:/Sexto_sem/MCU_avanzados/TouchGFX/Drivers/STM32F7xx_HAL_Driver/Src/stm32f7xx_hal_usart.c:1765:19:HAL_USART_Abort	8	static
E:/Sexto_sem/MCU_avanzados/TouchGFX/Drivers/STM32F7xx_HAL_Driver/Src/stm32f7xx_hal_usart.c:2177:13:HAL_USART_TxCpltCallback	0	static
E:/Sexto_sem/MCU_avanzados/TouchGFX/Drivers/STM32F7xx_HAL_Driver/Src/stm32f7xx_hal_usart.c:2371:13:USART_DMATransmitCplt	8	static
E:/Sexto_sem/MCU_avanzados/TouchGFX/Drivers/STM32F7xx_HAL_Driver/Src/stm32f7xx_hal_usart.c:2192:13:HAL_USART_TxHalfCpltCallback	0	static
E:/Sexto_sem/MCU_avanzados/TouchGFX/Drivers/STM32F7xx_HAL_Driver/Src/stm32f7xx_hal_usart.c:2411:13:USART_DMATxHalfCplt	8	static
E:/Sexto_sem/MCU_avanzados/TouchGFX/Drivers/STM32F7xx_HAL_Driver/Src/stm32f7xx_hal_usart.c:2207:13:HAL_USART_RxCpltCallback	0	static
E:/Sexto_sem/MCU_avanzados/TouchGFX/Drivers/STM32F7xx_HAL_Driver/Src/stm32f7xx_hal_usart.c:2222:13:HAL_USART_RxHalfCpltCallback	0	static
E:/Sexto_sem/MCU_avanzados/TouchGFX/Drivers/STM32F7xx_HAL_Driver/Src/stm32f7xx_hal_usart.c:2504:13:USART_DMARxHalfCplt	8	static
E:/Sexto_sem/MCU_avanzados/TouchGFX/Drivers/STM32F7xx_HAL_Driver/Src/stm32f7xx_hal_usart.c:2237:13:HAL_USART_TxRxCpltCallback	0	static
E:/Sexto_sem/MCU_avanzados/TouchGFX/Drivers/STM32F7xx_HAL_Driver/Src/stm32f7xx_hal_usart.c:2966:13:USART_RxISR_8BIT	16	static
E:/Sexto_sem/MCU_avanzados/TouchGFX/Drivers/STM32F7xx_HAL_Driver/Src/stm32f7xx_hal_usart.c:3046:13:USART_RxISR_16BIT	16	static
E:/Sexto_sem/MCU_avanzados/TouchGFX/Drivers/STM32F7xx_HAL_Driver/Src/stm32f7xx_hal_usart.c:2429:13:USART_DMAReceiveCplt	8	static
E:/Sexto_sem/MCU_avanzados/TouchGFX/Drivers/STM32F7xx_HAL_Driver/Src/stm32f7xx_hal_usart.c:2252:13:HAL_USART_ErrorCallback	0	static
E:/Sexto_sem/MCU_avanzados/TouchGFX/Drivers/STM32F7xx_HAL_Driver/Src/stm32f7xx_hal_usart.c:2522:13:USART_DMAError	8	static
E:/Sexto_sem/MCU_avanzados/TouchGFX/Drivers/STM32F7xx_HAL_Driver/Src/stm32f7xx_hal_usart.c:1981:6:HAL_USART_IRQHandler	16	static
E:/Sexto_sem/MCU_avanzados/TouchGFX/Drivers/STM32F7xx_HAL_Driver/Src/stm32f7xx_hal_usart.c:2548:13:USART_DMAAbortOnError	8	static
E:/Sexto_sem/MCU_avanzados/TouchGFX/Drivers/STM32F7xx_HAL_Driver/Src/stm32f7xx_hal_usart.c:2267:13:HAL_USART_AbortCpltCallback	0	static
E:/Sexto_sem/MCU_avanzados/TouchGFX/Drivers/STM32F7xx_HAL_Driver/Src/stm32f7xx_hal_usart.c:1856:19:HAL_USART_Abort_IT	8	static
E:/Sexto_sem/MCU_avanzados/TouchGFX/Drivers/STM32F7xx_HAL_Driver/Src/stm32f7xx_hal_usart.c:2619:13:USART_DMARxAbortCallback	8	static
E:/Sexto_sem/MCU_avanzados/TouchGFX/Drivers/STM32F7xx_HAL_Driver/Src/stm32f7xx_hal_usart.c:2571:13:USART_DMATxAbortCallback	8	static
E:/Sexto_sem/MCU_avanzados/TouchGFX/Drivers/STM32F7xx_HAL_Driver/Src/stm32f7xx_hal_usart.c:2304:24:HAL_USART_GetState	0	static
E:/Sexto_sem/MCU_avanzados/TouchGFX/Drivers/STM32F7xx_HAL_Driver/Src/stm32f7xx_hal_usart.c:2315:10:HAL_USART_GetError	0	static
