../Core/Src/main.c:123:5:main	48	static
../Core/Src/main.c:415:6:SystemClock_Config	88	static
../Core/Src/main.c:463:13:MX_ADC1_Init	24	static
../Core/Src/main.c:510:13:MX_I2C2_Init	8	static
../Core/Src/main.c:544:13:MX_TIM1_Init	56	static
../Core/Src/main.c:594:13:MX_TIM2_Init	32	static
../Core/Src/main.c:639:13:MX_USART1_UART_Init	8	static
../Core/Src/main.c:672:13:MX_USB_PCD_Init	8	static
../Core/Src/main.c:703:13:MX_GPIO_Init	40	static
../Core/Src/main.c:763:6:Error_Handler	4	static,ignoring_inline_asm
